// Jest Snapshot v1, https://goo.gl/fbAQLP

exports[`Home component snapshot 1`] = `
<div
  className="container"
>
  <div
    className="timeContainer"
  >
    <div>
      <span
        className="unit"
      >
        00
        :
      </span>
      <span
        className="unit"
      >
        00
        .
      </span>
      <span
        className="unit"
      >
        000
      </span>
    </div>
  </div>
  <div
    className="btnContainer"
  >
    <button
      className="btn btn-success"
      onClick={[Function]}
      type="button"
    >
      Start
    </button>
    <button
      className="btn btn-danger"
      disabled={true}
      onClick={[Function]}
      type="button"
    >
      Reset
    </button>
  </div>
</div>
`;
